Microchip MPLAB XC8 Compiler V2.45

Linker command line:

-W-3 \
  --edf=C:\Program Files\Microchip\xc8\v2.45\pic\dat\20230818022343_en.msgs \
  -cn -h+dist/default/debug\UARTBySriya.X.debug.sym \
  --cmf=dist/default/debug\UARTBySriya.X.debug.cmf -z -Q16F877A \
  -oC:\Users\Sriya\AppData\Local\Temp\xcAsfj4.\driver_tmp_3.o \
  --defsym=__MPLAB_BUILD=1 --fixupoverflow=error \
  -Mdist/default/debug/UARTBySriya.X.debug.map \
  --md=C:\Users\Sriya\AppData\Local\Temp\xcAsfj4.\driver_tmp_0.dat -E1 \
  -ver=XC8 Compiler --acfsm=1493 -ACODE=00h-07FFhx3,01800h-01EFFh \
  -ASTRCODE=00h-01EFFh -ASTRING=00h-0FFhx31 -ACONST=00h-0FFhx31 \
  -AENTRY=00h-0FFhx31 -ACOMMON=071h-07Fh -ABANK0=020h-06Fh \
  -ABANK1=0A0h-0EFh -ABANK2=0110h-016Fh -ABANK3=0190h-01E4h \
  -ARAM=020h-06Fh,0A0h-0EFh,0110h-016Fh,0190h-01E4h \
  -AABS1=020h-07Fh,0A0h-0EFh,0110h-016Fh,0190h-01EFh -ASFR0=00h-01Fh \
  -ASFR1=080h-09Fh -ASFR2=0100h-010Fh -ASFR3=0180h-018Fh \
  -ACONFIG=02007h-02007h -DCONFIG=2 -AIDLOC=02000h-02003h -DIDLOC=2 \
  -AEEDATA=00h-0FFh/02100h -peeprom_data=EEDATA -DEEDATA=2 -DCODE=2 \
  -DSTRCODE=2 -DSTRING=2 -DCONST=2 -DENTRY=2 \
  -preset_vec=00h,intentry,init,end_init -ppowerup=CODE -pcinit=CODE \
  -pfunctab=ENTRY -k \
  C:\Users\Sriya\AppData\Local\Temp\xcAsfj4.\driver_tmp_12.o \
  dist/default/debug\UARTBySriya.X.debug.o 

Object code version is 3.11

Machine type is 16F877A



                Name                               Link     Load   Length Selector   Space Scale
C:\Users\Sriya\AppData\Local\Temp\xcAsfj4.\driver_tmp_12.o
                end_init                              1        1        3        0       0
                reset_vec                             0        0        1        0       0
                config                             2007     2007        1        0       4
dist/default/debug\UARTBySriya.X.debug.o
                cinit                               7FC      7FC        4      FF8       0
                config                             2007     2007        1        0       4
                text3                               79E      79E       1B      F3C       0
                text2                               78A      78A       14      F14       0
                text1                               7D6      7D6       26      FAC       0
                maintext                            7B9      7B9       1D      F72       0
                cstackCOMMON                         71       71        5       71       1
                stringtext                          800      800      404       10       0
                strings                               4        4       12        8       0

TOTAL           Name                               Link     Load   Length     Space
        CLASS   CODE           
                end_init                              1        1        3         0
                cinit                               7FC      7FC        4         0
                reset_vec                             0        0        1         0
                text3                               79E      79E       1B         0
                text2                               78A      78A       14         0
                text1                               7D6      7D6       26         0
                maintext                            7B9      7B9       1D         0

        CLASS   STRCODE        
                stringtext                          800      800      404         0

        CLASS   STRING         
                strings                               4        4       12         0

        CLASS   CONST          

        CLASS   ENTRY          

        CLASS   COMMON         
                cstackCOMMON                         71       71        5         1

        CLASS   BANK0          

        CLASS   BANK1          

        CLASS   BANK2          

        CLASS   BANK3          

        CLASS   RAM            

        CLASS   ABS1           
                abs_s1                               7E       7E        2         1

        CLASS   SFR0           

        CLASS   SFR1           

        CLASS   SFR2           

        CLASS   SFR3           

        CLASS   CONFIG         
                config                             2007     2007        1         4

        CLASS   IDLOC          

        CLASS   EEDATA         

        CLASS   HEAP           

        CLASS   STACK          



SEGMENTS        Name                           Load    Length   Top    Selector   Space  Class     Delta

                reset_vec                      000000  000004  000004         0       0  CODE        2
                strings                        000004  000012  000016         8       0  STRING      2
                cstackCOMMON                   000071  000005  000076        71       1  COMMON      1
                text2                          00078A  000014  00079E       F14       0  CODE        2
                text3                          00079E  00001B  0007B9       F3C       0  CODE        2
                maintext                       0007B9  00001D  0007D6       F72       0  CODE        2
                text1                          0007D6  000026  0007FC       FAC       0  CODE        2
                cinit                          0007FC  000004  000800       FF8       0  CODE        2
                stringtext                     000800  000404  000C04        10       0  STRCODE     2


UNUSED ADDRESS RANGES

        Name                Unused          Largest block    Delta
        BANK0            0020-006F             50           1
        BANK1            00A0-00EF             50           1
        BANK2            0110-016F             60           1
        BANK3            0190-01E4             55           1
        CODE             0016-0789            774           2
                         0C04-1EFF            800
        COMMON           0076-007D              8           1
        CONST            0016-0789            100           2
                         0C04-1EFF            100
        EEDATA           2100-21FF            100           2
        ENTRY            0016-0789            100           2
                         0C04-1EFF            100
        IDLOC            2000-2003              4           2
        RAM              0020-006F             50           1
                         00A0-00EF             50
                         0110-016F             60
                         0190-01E4             55
        SFR0             0000-001F             20           1
        SFR1             0080-009F             20           1
        SFR2             0100-010F             10           1
        SFR3             0180-018F             10           1
        STRCODE          0016-0789            774           2
                         0C04-1EFF           12FC
        STRING           0016-0789            100           2
                         0C04-1EFF            100

                                  Symbol Table

_INTCONbits              (abs)        000B
_PIE1bits                (abs)        008C
_PIR1bits                (abs)        000C
_PORTBbits               (abs)        0006
_RCSTAbits               (abs)        0018
_SPBRG                   (abs)        0099
_TRISBbits               (abs)        0086
_TRISCbits               (abs)        0087
_TXREG                   (abs)        0019
_TXSTAbits               (abs)        0098
__H__absolute__          __absolute__ 0000
__Habs1                  abs1         0000
__Hbank0                 bank0        0000
__Hbank1                 bank1        0000
__Hbank2                 bank2        0000
__Hbank3                 bank3        0000
__Hcinit                 cinit        0800
__Hclrtext               clrtext      0000
__Hcode                  code         0000
__Hcommon                common       0000
__Hconfig                config       2008
__HcstackCOMMON          cstackCOMMON 0000
__Heeprom_data           eeprom_data  0000
__Hend_init              end_init     0004
__Hfunctab               functab      0000
__Hheap                  heap         0000
__Hinit                  init         0001
__Hintentry              intentry     0001
__Hmaintext              maintext     0000
__Hpowerup               powerup      0000
__Hram                   ram          0000
__Hreset_vec             reset_vec    0001
__Hsfr0                  sfr0         0000
__Hsfr1                  sfr1         0000
__Hsfr2                  sfr2         0000
__Hsfr3                  sfr3         0000
__Hspace_0               (abs)        0C04
__Hspace_1               (abs)        0076
__Hspace_2               (abs)        0000
__Hspace_3               (abs)        0000
__Hspace_4               (abs)        400F
__Hstack                 stack        0000
__Hstrings               strings      0000
__Hstringtext            stringtext   0000
__Htext                  text         0000
__L__absolute__          __absolute__ 0000
__Labs1                  abs1         0000
__Lbank0                 bank0        0000
__Lbank1                 bank1        0000
__Lbank2                 bank2        0000
__Lbank3                 bank3        0000
__Lcinit                 cinit        07FC
__Lclrtext               clrtext      0000
__Lcode                  code         0000
__Lcommon                common       0000
__Lconfig                config       0000
__LcstackCOMMON          cstackCOMMON 0000
__Leeprom_data           eeprom_data  0000
__Lend_init              end_init     0001
__Lfunctab               functab      0000
__Lheap                  heap         0000
__Linit                  init         0001
__Lintentry              intentry     0001
__Lmaintext              maintext     0000
__Lpowerup               powerup      0000
__Lram                   ram          0000
__Lreset_vec             reset_vec    0000
__Lsfr0                  sfr0         0000
__Lsfr1                  sfr1         0000
__Lsfr2                  sfr2         0000
__Lsfr3                  sfr3         0000
__Lspace_0               (abs)        0000
__Lspace_1               (abs)        0000
__Lspace_2               (abs)        0000
__Lspace_3               (abs)        0000
__Lspace_4               (abs)        0000
__Lstack                 stack        0000
__Lstrings               strings      0000
__Lstringtext            stringtext   0000
__Ltext                  text         0000
__S0                     (abs)        0C04
__S1                     (abs)        0076
__S3                     (abs)        0000
___heap_hi               (abs)        0000
___heap_lo               (abs)        0000
___int_sp                stack        0000
___int_stack_hi          stack        0000
___int_stack_lo          stack        0000
___latbits               (abs)        0002
___sp                    stack        0000
___stack_hi              stack        0000
___stack_lo              stack        0000
___stackhi               (abs)        0000
___stacklo               (abs)        0000
__end_of__initialization cinit        07FC
__end_of__stringtab      strings      0016
__end_of_main            maintext     07D6
__end_of_serial_init     text3        07B9
__end_of_tx_data         text2        079E
__end_of_txstr           text1        07FC
__initialization         cinit        07FC
__pcstackCOMMON          cstackCOMMON 0071
__pmaintext              maintext     07B9
__pstrings               strings      0004
__pstringtext            stringtext   0800
__ptext1                 text1        07D6
__ptext2                 text2        078A
__ptext3                 text3        079E
__stringbase             strings      0016
__stringtab              strings      0004
_main                    maintext     07B9
_serial_init             text3        079E
_tx_data                 text2        078A
_txstr                   text1        07D6
btemp                    (abs)        007E
end_of_initialization    cinit        07FC
intlevel0                functab      0000
intlevel1                functab      0000
intlevel2                functab      0000
intlevel3                functab      0000
intlevel4                functab      0000
intlevel5                functab      0000
reset_vec                reset_vec    0000
start                    init         0001
start_initialization     cinit        07FC
tx_data@data             cstackCOMMON 0073
txstr@s                  cstackCOMMON 0074
wtemp0                   (abs)        007E


MODULE INFORMATION

Module		Function		Class		Link	Load	Size
shared
		__stringtab    		STRING         	0004	0000	18
		__initialization		CODE           	07FC	0000	1

shared estimated size: 19

main.c
		_main          		CODE           	07B9	0000	29
		_txstr         		CODE           	07D6	0000	38
		_serial_init   		CODE           	079E	0000	27
		_tx_data       		CODE           	078A	0000	20

main.c estimated size: 114

